node.exe : FAIL tests/session.test.js
At line:1 char:1
+ & "C:\Program Files\nodejs/node.exe" "C:\P
rogram Files\nodejs/node_mo ...
+ ~~~~~~~~~~~~~~~~~~~~~~~~~~~~~~~~~~~~~~~~~~
~~~~~~~~~~~~~~~~~~~~~~~~~~~
    + CategoryInfo          : NotSpecified: 
    (FAIL tests/session.test.js:String) []  
  , RemoteException
    + FullyQualifiedErrorId : NativeCommand 
   Error
 
  Guru Session Interlocking API
    ΓêÜ POST /api/guru/session/start sets wa
ktu_masuk_aktual (57 ms)
    ├ù GET /api/guru/session/:id/students ap
plies interlocking logic (9 ms)

  ΓùÅ Guru Session Interlocking API ΓÇ║ GET 
/api/guru/session/:id/students applies inter
locking logic

    expect(received).toBe(expected) // Objec
t.is equality

    Expected: "sakit"
    Received: "hadir"

    [0m [90m 58 |[39m
     [90m 59 |[39m         [90m// Budi sh
ould be sakit and locked[39m
    [31m[1m>[22m[39m[90m 60 |[39m     
    expect(students[[35m1[39m][33m.[39ms
tatus)[33m.[39mtoBe([32m'sakit'[39m)[33
m;[39m
     [90m    |[39m                        
            [31m[1m^[22m[39m
     [90m 61 |[39m         expect(students
[[35m1[39m][33m.[39mis_locked)[33m.[39
mtoBe([36mtrue[39m)[33m;[39m
     [90m 62 |[39m     })[33m;[39m
     [90m 63 |[39m })[33m;[39m[0m

      at Object.toBe (tests/session.test.js:
60:36)

Test Suites: 1 failed, 1 total
Tests:       1 failed, 1 passed, 2 total
Snapshots:   0 total
Time:        0.925 s, estimated 1 s
Ran all test suites matching /tests\\session
.test.js/i.
